a=1, b=2, $((a+b)*(a+b)) => 9
3 23 subs as 3 23
3 xyz subs as 3 "xyz"
