0
['cols', 'colc', 'coli', 'cold', 'colb', 'colarr']
{}
{'readme': '', 'subType': '', 'type': ''}
{'readme': 'test table run\n', 'subType': '', 'type': 'test'}
2
0
['coli', 'cold']
[ 5.  4.]
['cols', 'colc', 'coli', 'cold', 'colb', 'colarr', 'coli2']
{'*1': {'TYPE': 'StandardStMan', 'NAME': 'StandardStMan', 'COLUMNS': ['colarr', 'colarrssm', 'colb', 'colc', 'cold', 'coli', 'cols'], 'SPEC': {'CACHESIZE': 2, 'BUCKETSIZE': 1540}}, '*2': {'TYPE': 'IncrementalStMan', 'NAME': 'ism1', 'COLUMNS': ['coli2'], 'SPEC': {'CACHESIZE': 1, 'BUCKETSIZE': 32768}}, '*3': {'TYPE': 'TiledShapeStMan', 'NAME': 'tsm1', 'COLUMNS': ['colarrtsm'], 'SPEC': {'SEQNR': 2, 'HYPERCUBES': {}, 'DEFAULTTILESHAPE': array([], dtype=int32), 'MAXIMUMCACHESIZE': 0}}}
{'comment': '', 'dataManagerType': 'TiledShapeStMan', '_c_order': True, 'option': 0, 'valueType': 'dcomplex', 'maxlen': 0, 'dataManagerGroup': 'tsm1', 'ndim': 2}
{'TYPE': 'TiledShapeStMan', 'NAME': 'tsm2', 'SPEC': {'SEQNR': 3, 'HYPERCUBES': {}, 'DEFAULTTILESHAPE': array([], dtype=int32), 'MAXIMUMCACHESIZE': 0}}
[[[  1.+0.j   2.+0.j   3.+0.j]
  [  4.+0.j   5.+0.j   6.+0.j]]

 [[ 11.+0.j  12.+0.j  13.+0.j]
  [ 14.+0.j  15.+0.j  16.+0.j]]]
[[ 5.+0.j  6.+0.j]]
{'key1': 'keyval', 'keyrec': {'skey1': 1, 'skey2': 3.0}}
keyval
['key1', 'keyrec']
['key1', 'keyrec']
['skey1', 'skey2']
{}
['coli', 'cold', 'colarrtsm']
{'colarrtsm': array([[ 1.+0.j,  2.+0.j,  3.+0.j],
       [ 4.+0.j,  5.+0.j,  6.+0.j]]), 'cold': 4.0, 'coli': 1}
{'cold': 14.0, 'colarr': array([[ 1.+0.j,  2.+0.j,  3.+0.j],
       [ 4.+0.j,  5.+0.j,  6.+0.j]]), 'coli': 10}
[100000.]
[11  3]
[1 1] [2, 3]
[2 2 2] [1, 4, 5]
[3 3] [6, 7]
[4 4] [8, 9]
[5 5] [10, 11]
[6 6] [12, 13]
[7 7] [14, 15]
[8 8] [16, 17]
[9 9] [18, 19]
[10 10 10] [0, 20, 21]
[9, 8, 7, 6, 5, 4, 23]
[10, 2, 1, 1, 2, 2, 23, 3, 4, 4, 5, 5, 6, 6, 7, 7, 8, 8, 9, 9, 10, 10]
False ['coli']
[6]
[]
[1, 4, 5]
[1, 4, 5, 7, 8, 9, 10, 11, 12, 13, 14, 15]
[7, 8, 9, 10, 11, 12, 13]
[1, 4, 5, 7, 8, 9, 10, 11, 12, 13]
