True
True
True
True
True
2.00000 deg
0.00000 deg
1.00000 deg.deg
1.00000 deg/(deg)
2.00000 deg
[181.00000, 1.00000] deg
0.01745 
[0.00000, 0.00000] 
0.01745 rad
0.06667 h
0.01745 rad
1.0
3600.0
deg
0.50700 d
-3506672995.0
182.52083 deg
+182.31.15
182.521 deg
